I'm sorry, but errors were detected in your script. Please correct the
errors listed below, and try again.


File "game/story.rpy", line 834: indentation mismatch.

Ren'Py Version: Ren'Py 7.3.5.606
Fri Jul 30 00:01:18 2021
